libxkbcommon-tools
libxkbcommon
libxkbcommon-devel
xtools
ImageMagick
adwaita-qt6
alsa-firmware
alsa-pipewire 
android-tools 
avahi 
bat 
brightnessctl 
btop 
chrony
clang
cmake
cups 
cups-pdf 
dbus 
dbus-elogind
dconf-editor 
dejavu-fonts-ttf
dpkg 
elogind 
evince
eza
fastfetch
ffmpegthumbnailer 
file-roller 
firejail 
fish-shell 
flameshot 
font-awesome
font-libre-hebrew 
foot
fwupd 
gettext 
gimp
gnome-calculator 
gnome-disk-utility 
gnome-text-editor 
gparted 
grim 
gstreamer1-pipewire
gtk-lshw
gufw
gvfs-mtp
htop 
inotify-tools 
iwd 
libayatana-appindicator-glib
libeatmydata
libjack-pipewire 
libreoffice 
libspa-bluetooth
lshw 
mc
mesa
mesa-dri 
mpv 
mtools 
ncdu2 
nemo 
nerd-fonts 
network-manager-applet  
noto-fonts-ttf
nss-mdns 
nwg-look 
octoxbps
openjdk21 
pamixer
pango
pango-devel
pavucontrol
pipewire 
pixman
pixman-devel
pkg-config
pkgconf
plocate 
polkit 
polkit-elogind
power-profiles-daemon 
pulseaudio 
python3 
python3-Unidecode
python3-pip 
qt5-wayland 
qt6-wayland 
ranger 
ripgrep-all 
rtkit 
simple-scan 
slurp 
smartmontools 
stow 
swaybg
timeshift 
tldr 
ufw
unzip
vim
wayland
wayland-devel
wayland-protocols
wayvnc
wget 
wireless_tools 
wireplumber
wireplumber-devel
wireplumber-elogind
wlroots0.19-devel
wlroots0.19
wmenu
xbps 
xdg-desktop-portal-gtk 
xdg-user-dirs 
xdotool
xf86-input-synaptics 
xinit
yt-dlp 
zramen
