clang
cmake
libspa-bluetooth
wireplumber
chrony
mc
dbus-elogind
polkit-elogind
alsa-firmware




alsa-pipewire 
android-tools 
avahi 
bat 
brightnessctl 
btop 
cups 
cups-pdf 
dbus 
dconf-editor 
dejavu-fonts-ttf
dpkg 
elogind 
evince
eza
fastfetch
ffmpegthumbnailer 
file-roller 
firejail 
fish-shell 
flameshot 
font-awesome
font-libre-hebrew 
fuzzel 
fwupd 
gettext 
gimp
gnome-calculator 
gnome-disk-utility 
gnome-text-editor 
gparted 
grim 
gstreamer1-pipewire
gtk-lshw
gufw
gvfs-mtp
htop 
ImageMagick
inotify-tools 
iwd 
libayatana-appindicator-glib
libeatmydata
libjack-pipewire 
libreoffice 
lshw 
mesa-dri 
mpv 
mtools 
ncdu2 
nemo 
nerd-fonts 
network-manager-applet  
noto-fonts-ttf
nss-mdns 
nwg-look 
openjdk21 
pamixer
pavucontrol
pipewire 
plocate 
polkit 
power-profiles-daemon 
power-profiles-daemon 
pulseaudio 
python3 
python3-pip 
python3-Unidecode
qt5ct 
qt5-wayland 
qt6ct 
qt6-wayland 
ranger 
ripgrep-all 
rtkit 
simple-scan 
slurp 
smartmontools 
stow 
timeshift 
tldr 
ufw
unzip
vim
wget 
wireless_tools 
wireplumber-elogind
xbps 
xdg-desktop-portal-gtk 
xdg-user-dirs 
xdotool
xf86-input-synaptics 
xinit
xorg-fonts
yt-dlp 
